// Jest Snapshot v1, https://goo.gl/fbAQLP

exports[`Todo return data is an object 1`] = `
Object {
  "completed": false,
  "id": 1,
  "title": "delectus aut autem",
  "userId": 1,
}
`;
