// Jest Snapshot v1, https://goo.gl/fbAQLP

exports[`Todo completed property should be boolean and title should be string 1`] = `
Object {
  "completed": Any<Boolean>,
  "title": Any<String>,
}
`;
